CREATE EXTENSION hll VERSION '2.10';
ALTER EXTENSION hll UPDATE TO '2.11';
ALTER EXTENSION hll UPDATE TO '2.12';
